[36mvite v6.4.1 [32mbuilding for production...[36m[39m
transforming...
node.exe : 
位於 線路:1 字元:1
+ & "C:\Program Files\nodejs/node.exe" "C:\Program F
iles\nodejs/node_mo ...
+ ~~~~~~~~~~~~~~~~~~~~~~~~~~~~~~~~~~~~~~~~~~~~~~~~~~
~~~~~~~~~~~~~~~~~~~
    + CategoryInfo          : NotSpecified: (:Strin 
   g) [], RemoteException
    + FullyQualifiedErrorId : NativeCommandError
 
/bg-grid.svg referenced in /bg-grid.svg didn't resol
ve at build time, it will remain unchanged to be res
olved at runtime

/img/pattern_bg.png referenced in /img/pattern_bg.pn
g didn't resolve at build time, it will remain uncha
nged to be resolved at runtime
[32m??[39m 1632 modules transformed.
